// Jest Snapshot v1, https://goo.gl/fbAQLP

exports[`Dyna Queue Handler, Parallels with timeout (realistic) Should execute and the stacked parallel jobs 1`] = `
Array [
  "Processing start ID-FIRST-0",
  "Processing start ID-FIRST-1",
  "Processing start ID-FIRST-2",
  "Processing start ID-FIRST-3",
  "Processing start ID-FIRST-4",
  "Processing completed ID-FIRST-0",
  "Processing start ID-FIRST-5",
  "Processing completed ID-FIRST-1",
  "Processing start ID-FIRST-6",
  "Processing completed ID-FIRST-2",
  "Processing start ID-FIRST-7",
  "Processing completed ID-FIRST-3",
  "Processing start ID-FIRST-8",
  "Processing completed ID-FIRST-4",
  "Processing start ID-FIRST-9",
  "Processing completed ID-FIRST-5",
  "Processing completed ID-FIRST-6",
  "Processing completed ID-FIRST-7",
  "Processing completed ID-FIRST-8",
  "Processing completed ID-FIRST-9",
  "Processing start ID-SECOND-0",
  "Processing start ID-SECOND-1",
  "Processing start ID-SECOND-2",
  "Processing start ID-SECOND-3",
  "Processing start ID-SECOND-4",
  "Processing completed ID-SECOND-0",
  "Processing start ID-SECOND-5",
  "Processing completed ID-SECOND-1",
  "Processing start ID-SECOND-6",
  "Processing completed ID-SECOND-2",
  "Processing start ID-SECOND-7",
  "Processing completed ID-SECOND-3",
  "Processing start ID-SECOND-8",
  "Processing completed ID-SECOND-4",
  "Processing start ID-SECOND-9",
  "Processing completed ID-SECOND-5",
  "Processing completed ID-SECOND-6",
  "Processing completed ID-SECOND-7",
  "Processing completed ID-SECOND-8",
  "Processing completed ID-SECOND-9",
  "Processing start ID-THIRD-0",
  "Processing start ID-THIRD-1",
  "Processing start ID-THIRD-2",
  "Processing start ID-THIRD-3",
  "Processing start ID-THIRD-4",
  "Processing completed ID-THIRD-0",
  "Processing start ID-THIRD-5",
  "Processing completed ID-THIRD-1",
  "Processing start ID-THIRD-6",
  "Processing completed ID-THIRD-2",
  "Processing start ID-THIRD-7",
  "Processing completed ID-THIRD-3",
  "Processing start ID-THIRD-8",
  "Processing completed ID-THIRD-4",
  "Processing start ID-THIRD-9",
  "Processing completed ID-THIRD-5",
  "Processing completed ID-THIRD-6",
  "Processing completed ID-THIRD-7",
  "Processing completed ID-THIRD-8",
  "Processing completed ID-THIRD-9",
]
`;
